// Jest Snapshot v1, https://goo.gl/fbAQLP

exports[`render a button should match snapshot 1`] = `undefined`;

exports[`renders 1`] = `
<DocumentFragment>
  <div
    class="sc-AxheI cWRoBT"
  >
    Loading...
  </div>
</DocumentFragment>
`;
